// Jest Snapshot v1, https://goo.gl/fbAQLP

exports[`Fetch data from all sources collect data for the main template 1`] = `
"
    <ul class=\\"countries-list\\">
      <li class=\\"countries-list__country\\">
        <span class=\\"country\\">ğŸ‡¦ğŸ‡º Australia: </span>Sydney
      </li>
    </ul>
    
    <ul class=\\"countries-list\\">
      <li class=\\"countries-list__country\\">
        <span class=\\"country\\">ğŸ‡·ğŸ‡º Russia: </span>Moscow, Sevastopol
      </li>
    </ul>
    
    <ul class=\\"countries-list\\">
      <li class=\\"countries-list__country\\">
        <span class=\\"country\\">ğŸ‡ºğŸ‡¸ United States of America: </span>New York
      </li>
    </ul>
    "
`;

exports[`Fetch data from all sources collect data for the main template 2`] = `"<p><strong class=\\"year\\">2014</strong><br><span class='log'>ğŸ‡·ğŸ‡º Moscow <span class='time'>January 7 - 9</span></span><br><span class='log'>ğŸ‡·ğŸ‡º Sevastopol <span class='time'>February 20 - March 26</span></span><br></p><p><strong class=\\"year\\">2007</strong><br><span class='log'>ğŸ‡¦ğŸ‡º Sydney <span class='time'>November 5 - 18</span></span><br></p><p><strong class=\\"year\\">1995</strong><br><span class='log'>ğŸ‡ºğŸ‡¸ New York <span class='time'>May 10 - 20</span></span><br></p>"`;
